<!DOCTYPE html>
<html>
<head>
<title>test string 1</title>
</head>
<body>
second test string
</body>
</html>